lease held by: hipdelta 2026-09-24T15:41Z event wait M2 gates 6df2b8bcb
start 16:26:28Z load { 1.15 1.52 1.75 }
16:26:37Z hipdelta run 1 exit 0 
16:26:53Z hipdelta-ref run 1 exit 0 
16:27:02Z hipdelta run 2 exit 0 
16:27:10Z hipdelta-ref run 2 exit 0 
16:27:19Z hipdelta run 3 exit 0 
16:27:27Z hipdelta-ref run 3 exit 0 
16:27:36Z hipdelta run 4 exit 0 
16:27:44Z hipdelta-ref run 4 exit 0 
16:27:52Z hipdelta run 5 exit 0 
16:28:01Z hipdelta-ref run 5 exit 0 
Using CPython 3.13.15
Creating virtual environment at: scr/venv
Activate with: source scr/venv/bin/activate
Using Python 3.13.15 environment at: scr/venv
Resolved 4 packages in 830ms
Installed 4 packages in 107ms
 + cython==3.3.0
 + numpy==2.5.3
 + scipy==1.18.1
 + setuptools==84.0.0
venv /Users/amir/lab/fast/scr/venv ready, no openmm
Using CPython 3.13.15
Creating virtual environment at: venv-base
Activate with: source venv-base/bin/activate
Using Python 3.13.15 environment at: venv-base
Resolved 4 packages in 1ms
Installed 4 packages in 28ms
 + cython==3.3.0
 + numpy==2.5.3
 + scipy==1.18.1
 + setuptools==84.0.0
venv /Users/amir/lab/fast/venv-base ready, no openmm
CMake Warning (policy) at CMakeLists.txt:15 (find_package):
  Policy CMP0148 is not set: The FindPythonInterp and FindPythonLibs modules
  are removed.  Run "cmake --help-policy CMP0148" for policy details.  Use
  the cmake_policy command to set the policy and suppress this warning.
This warning is for project developers.  Use -Wno-author or -Wno-policy to
suppress it.

CMake Warning (author) at CMakeLists.txt:21 (PROJECT):
  cmake_minimum_required() should be called prior to this top-level project()
  call.  Please see the cmake-commands(7) manual for usage documentation of
  both commands.
This warning is for project developers.  Use -Wno-author to suppress it.

built and installed /Users/amir/lab/fast/scr
end 16:29:42Z
