== lease taken 16:07:41Z build-base-prof
CMake Warning (policy) at CMakeLists.txt:15 (find_package):
  Policy CMP0148 is not set: The FindPythonInterp and FindPythonLibs modules
  are removed.  Run "cmake --help-policy CMP0148" for policy details.  Use
  the cmake_policy command to set the policy and suppress this warning.
This warning is for project developers.  Use -Wno-author or -Wno-policy to
suppress it.

CMake Warning (author) at CMakeLists.txt:21 (PROJECT):
  cmake_minimum_required() should be called prior to this top-level project()
  call.  Please see the cmake-commands(7) manual for usage documentation of
  both commands.
This warning is for project developers.  Use -Wno-author to suppress it.

/tmp/openmm-metal-bench/022/v/base-prof/build/python/build/lib.macosx-11.0-arm64-cpython-313/openmm/__init__.py /tmp/openmm-metal-bench/022/v/base-prof/prefix/lib
== lease released 16:08:15Z build-base-prof exit 0
== lease taken 16:08:35Z build-p2
CMake Warning (policy) at CMakeLists.txt:15 (find_package):
  Policy CMP0148 is not set: The FindPythonInterp and FindPythonLibs modules
  are removed.  Run "cmake --help-policy CMP0148" for policy details.  Use
  the cmake_policy command to set the policy and suppress this warning.
This warning is for project developers.  Use -Wno-author or -Wno-policy to
suppress it.

CMake Warning (author) at CMakeLists.txt:21 (PROJECT):
  cmake_minimum_required() should be called prior to this top-level project()
  call.  Please see the cmake-commands(7) manual for usage documentation of
  both commands.
This warning is for project developers.  Use -Wno-author to suppress it.

/tmp/openmm-metal-bench/022/v/p2/build/python/build/lib.macosx-11.0-arm64-cpython-313/openmm/__init__.py /tmp/openmm-metal-bench/022/v/p2/prefix/lib
== lease released 16:09:23Z build-p2 exit 0
== lease taken 16:09:43Z build-p2-prof
CMake Warning (policy) at CMakeLists.txt:15 (find_package):
  Policy CMP0148 is not set: The FindPythonInterp and FindPythonLibs modules
  are removed.  Run "cmake --help-policy CMP0148" for policy details.  Use
  the cmake_policy command to set the policy and suppress this warning.
This warning is for project developers.  Use -Wno-author or -Wno-policy to
suppress it.

CMake Warning (author) at CMakeLists.txt:21 (PROJECT):
  cmake_minimum_required() should be called prior to this top-level project()
  call.  Please see the cmake-commands(7) manual for usage documentation of
  both commands.
This warning is for project developers.  Use -Wno-author to suppress it.

/tmp/openmm-metal-bench/022/v/p2-prof/build/python/build/lib.macosx-11.0-arm64-cpython-313/openmm/__init__.py /tmp/openmm-metal-bench/022/v/p2-prof/prefix/lib
== lease released 16:10:20Z build-p2-prof exit 0
== lease taken 16:10:40Z build-p3
CMake Warning (policy) at CMakeLists.txt:15 (find_package):
  Policy CMP0148 is not set: The FindPythonInterp and FindPythonLibs modules
  are removed.  Run "cmake --help-policy CMP0148" for policy details.  Use
  the cmake_policy command to set the policy and suppress this warning.
This warning is for project developers.  Use -Wno-author or -Wno-policy to
suppress it.

CMake Warning (author) at CMakeLists.txt:21 (PROJECT):
  cmake_minimum_required() should be called prior to this top-level project()
  call.  Please see the cmake-commands(7) manual for usage documentation of
  both commands.
This warning is for project developers.  Use -Wno-author to suppress it.

/tmp/openmm-metal-bench/022/v/p3/build/python/build/lib.macosx-11.0-arm64-cpython-313/openmm/__init__.py /tmp/openmm-metal-bench/022/v/p3/prefix/lib
== lease released 16:11:25Z build-p3 exit 0
== lease taken 16:28:26Z build-p3-prof
CMake Warning (policy) at CMakeLists.txt:15 (find_package):
  Policy CMP0148 is not set: The FindPythonInterp and FindPythonLibs modules
  are removed.  Run "cmake --help-policy CMP0148" for policy details.  Use
  the cmake_policy command to set the policy and suppress this warning.
This warning is for project developers.  Use -Wno-author or -Wno-policy to
suppress it.

CMake Warning (author) at CMakeLists.txt:21 (PROJECT):
  cmake_minimum_required() should be called prior to this top-level project()
  call.  Please see the cmake-commands(7) manual for usage documentation of
  both commands.
This warning is for project developers.  Use -Wno-author to suppress it.

/tmp/openmm-metal-bench/022/v/p3-prof/build/python/build/lib.macosx-11.0-arm64-cpython-313/openmm/__init__.py /tmp/openmm-metal-bench/022/v/p3-prof/prefix/lib
== lease released 16:29:00Z build-p3-prof exit 0
== lease taken 16:29:20Z build-p2p3
CMake Warning (policy) at CMakeLists.txt:15 (find_package):
  Policy CMP0148 is not set: The FindPythonInterp and FindPythonLibs modules
  are removed.  Run "cmake --help-policy CMP0148" for policy details.  Use
  the cmake_policy command to set the policy and suppress this warning.
This warning is for project developers.  Use -Wno-author or -Wno-policy to
suppress it.

CMake Warning (author) at CMakeLists.txt:21 (PROJECT):
  cmake_minimum_required() should be called prior to this top-level project()
  call.  Please see the cmake-commands(7) manual for usage documentation of
  both commands.
This warning is for project developers.  Use -Wno-author to suppress it.

/tmp/openmm-metal-bench/022/v/p2p3/build/python/build/lib.macosx-11.0-arm64-cpython-313/openmm/__init__.py /tmp/openmm-metal-bench/022/v/p2p3/prefix/lib
== lease released 16:29:55Z build-p2p3 exit 0
CHAIN-DONE /tmp/openmm-metal-bench/022/lab/022-sync-and-mixed-cost/blocks-build.txt
