CMake Warning (policy) at CMakeLists.txt:15 (find_package):
  Policy CMP0148 is not set: The FindPythonInterp and FindPythonLibs modules
  are removed.  Run "cmake --help-policy CMP0148" for policy details.  Use
  the cmake_policy command to set the policy and suppress this warning.
This warning is for project developers.  Use -Wno-author or -Wno-policy to
suppress it.

-- Found PythonInterp: /tmp/openmm-metal-bench/env/bin/python (found version "3.13.15")
CMake Warning (author) at CMakeLists.txt:21 (PROJECT):
  cmake_minimum_required() should be called prior to this top-level project()
  call.  Please see the cmake-commands(7) manual for usage documentation of
  both commands.
This warning is for project developers.  Use -Wno-author to suppress it.

-- The C compiler identification is AppleClang 21.0.0.21000334
-- The CXX compiler identification is AppleClang 21.0.0.21000334
-- Detecting C compiler ABI info
-- Detecting C compiler ABI info - done
-- Check for working C compiler: /usr/bin/cc - skipped
-- Detecting C compile features
-- Detecting C compile features - done
-- Detecting CXX compiler ABI info
-- Detecting CXX compiler ABI info - done
-- Check for working CXX compiler: /usr/bin/c++ - skipped
-- Detecting CXX compile features
-- Detecting CXX compile features - done
-- Found Doxygen: /tmp/openmm-metal-bench/env/bin/doxygen (found version "1.18.0") found components: doxygen dot
-- Configuring done (2.3s)
-- Generating done (0.1s)
-- Build files have been written to: /tmp/openmm-metal-bench/build
