hostname: M2
timestamp: 2026-09-24T16:53:06.182195+00:00
openmm_version: 8.6.0.dev-Unknown
cpuinfo: Apple M2
cpuarch: arm
system: Darwin

Test              Precision   Constraints   H mass (amu)   dt (fs)   Ensemble   Platform   ns/day
pme               single      HBonds        1.5            4         NVT        Metal      208.003
hostname: M2
timestamp: 2026-09-24T16:53:22.873983+00:00
openmm_version: 8.6.0.dev-Unknown
cpuinfo: Apple M2
cpuarch: arm
system: Darwin

Test              Precision   Constraints   H mass (amu)   dt (fs)   Ensemble   Platform   ns/day
pme               single      HBonds        1.5            4         NVT        Metal      197.563
hostname: M2
timestamp: 2026-09-24T16:53:39.952238+00:00
openmm_version: 8.6.0.dev-Unknown
cpuinfo: Apple M2
cpuarch: arm
system: Darwin

Test              Precision   Constraints   H mass (amu)   dt (fs)   Ensemble   Platform   ns/day
pme               single      HBonds        1.5            4         NVT        Metal      217.17
hostname: M2
timestamp: 2026-09-24T16:53:57.140618+00:00
openmm_version: 8.6.0.dev-Unknown
cpuinfo: Apple M2
cpuarch: arm
system: Darwin

Test              Precision   Constraints   H mass (amu)   dt (fs)   Ensemble   Platform   ns/day
apoa1rf           single      HBonds        1.5            4         NVT        Metal      69.3099
hostname: M2
timestamp: 2026-09-24T16:54:16.546782+00:00
openmm_version: 8.6.0.dev-Unknown
cpuinfo: Apple M2
cpuarch: arm
system: Darwin

Test              Precision   Constraints   H mass (amu)   dt (fs)   Ensemble   Platform   ns/day
apoa1rf           single      HBonds        1.5            4         NVT        Metal      65.7916
hostname: M2
timestamp: 2026-09-24T16:54:35.980006+00:00
openmm_version: 8.6.0.dev-Unknown
cpuinfo: Apple M2
cpuarch: arm
system: Darwin

Test              Precision   Constraints   H mass (amu)   dt (fs)   Ensemble   Platform   ns/day
apoa1rf           single      HBonds        1.5            4         NVT        Metal      74.2964
hostname: M2
timestamp: 2026-09-24T16:54:56.437600+00:00
openmm_version: 8.6.0.dev-Unknown
cpuinfo: Apple M2
cpuarch: arm
system: Darwin

Test              Precision   Constraints   H mass (amu)   dt (fs)   Ensemble   Platform   ns/day
apoa1pme          single      HBonds        1.5            4         NVT        Metal      54.162
hostname: M2
timestamp: 2026-09-24T16:55:15.748645+00:00
openmm_version: 8.6.0.dev-Unknown
cpuinfo: Apple M2
cpuarch: arm
system: Darwin

Test              Precision   Constraints   H mass (amu)   dt (fs)   Ensemble   Platform   ns/day
apoa1pme          single      HBonds        1.5            4         NVT        Metal      52.1754
hostname: M2
timestamp: 2026-09-24T16:55:35.158193+00:00
openmm_version: 8.6.0.dev-Unknown
cpuinfo: Apple M2
cpuarch: arm
system: Darwin

Test              Precision   Constraints   H mass (amu)   dt (fs)   Ensemble   Platform   ns/day
apoa1pme          single      HBonds        1.5            4         NVT        Metal      56.3973
hostname: M2
timestamp: 2026-09-24T16:55:55.257035+00:00
openmm_version: 8.6.0.dev-Unknown
cpuinfo: Apple M2
cpuarch: arm
system: Darwin

Test              Precision   Constraints   H mass (amu)   dt (fs)   Ensemble   Platform   ns/day
amber20-cellulose single      HBonds        1.5            4         NVT        Metal      11.797
hostname: M2
timestamp: 2026-09-24T16:56:32.655549+00:00
openmm_version: 8.6.0.dev-Unknown
cpuinfo: Apple M2
cpuarch: arm
system: Darwin

Test              Precision   Constraints   H mass (amu)   dt (fs)   Ensemble   Platform   ns/day
amber20-cellulose single      HBonds        1.5            4         NVT        Metal      11.6031
hostname: M2
timestamp: 2026-09-24T16:57:10.080006+00:00
openmm_version: 8.6.0.dev-Unknown
cpuinfo: Apple M2
cpuarch: arm
system: Darwin

Test              Precision   Constraints   H mass (amu)   dt (fs)   Ensemble   Platform   ns/day
amber20-cellulose single      HBonds        1.5            4         NVT        Metal      12.3177
hostname: M2
timestamp: 2026-09-24T16:57:44.472177+00:00
openmm_version: 8.6.0.dev-Unknown
cpuinfo: Apple M2
cpuarch: arm
system: Darwin

Test              Precision   Constraints   H mass (amu)   dt (fs)   Ensemble   Platform   ns/day
pme               single      HBonds        1.5            4         NVT        Metal      218.292
hostname: M2
timestamp: 2026-09-24T16:58:01.133046+00:00
openmm_version: 8.6.0.dev-Unknown
cpuinfo: Apple M2
cpuarch: arm
system: Darwin

Test              Precision   Constraints   H mass (amu)   dt (fs)   Ensemble   Platform   ns/day
pme               single      HBonds        1.5            4         NVT        Metal      197.248
hostname: M2
timestamp: 2026-09-24T16:58:18.078733+00:00
openmm_version: 8.6.0.dev-Unknown
cpuinfo: Apple M2
cpuarch: arm
system: Darwin

Test              Precision   Constraints   H mass (amu)   dt (fs)   Ensemble   Platform   ns/day
pme               single      HBonds        1.5            4         NVT        Metal      207.149
hostname: M2
timestamp: 2026-09-24T16:58:34.906381+00:00
openmm_version: 8.6.0.dev-Unknown
cpuinfo: Apple M2
cpuarch: arm
system: Darwin

Test              Precision   Constraints   H mass (amu)   dt (fs)   Ensemble   Platform   ns/day
apoa1rf           single      HBonds        1.5            4         NVT        Metal      74.4088
hostname: M2
timestamp: 2026-09-24T16:58:54.896986+00:00
openmm_version: 8.6.0.dev-Unknown
cpuinfo: Apple M2
cpuarch: arm
system: Darwin

Test              Precision   Constraints   H mass (amu)   dt (fs)   Ensemble   Platform   ns/day
apoa1rf           single      HBonds        1.5            4         NVT        Metal      65.7261
hostname: M2
timestamp: 2026-09-24T16:59:14.227862+00:00
openmm_version: 8.6.0.dev-Unknown
cpuinfo: Apple M2
cpuarch: arm
system: Darwin

Test              Precision   Constraints   H mass (amu)   dt (fs)   Ensemble   Platform   ns/day
apoa1rf           single      HBonds        1.5            4         NVT        Metal      69.4246
hostname: M2
timestamp: 2026-09-24T16:59:33.464730+00:00
openmm_version: 8.6.0.dev-Unknown
cpuinfo: Apple M2
cpuarch: arm
system: Darwin

Test              Precision   Constraints   H mass (amu)   dt (fs)   Ensemble   Platform   ns/day
apoa1pme          single      HBonds        1.5            4         NVT        Metal      56.6159
hostname: M2
timestamp: 2026-09-24T16:59:53.153822+00:00
openmm_version: 8.6.0.dev-Unknown
cpuinfo: Apple M2
cpuarch: arm
system: Darwin

Test              Precision   Constraints   H mass (amu)   dt (fs)   Ensemble   Platform   ns/day
apoa1pme          single      HBonds        1.5            4         NVT        Metal      52.4273
hostname: M2
timestamp: 2026-09-24T17:00:12.493085+00:00
openmm_version: 8.6.0.dev-Unknown
cpuinfo: Apple M2
cpuarch: arm
system: Darwin

Test              Precision   Constraints   H mass (amu)   dt (fs)   Ensemble   Platform   ns/day
apoa1pme          single      HBonds        1.5            4         NVT        Metal      54.3698
hostname: M2
timestamp: 2026-09-24T17:00:31.707069+00:00
openmm_version: 8.6.0.dev-Unknown
cpuinfo: Apple M2
cpuarch: arm
system: Darwin

Test              Precision   Constraints   H mass (amu)   dt (fs)   Ensemble   Platform   ns/day
amber20-cellulose single      HBonds        1.5            4         NVT        Metal      12.3257
hostname: M2
timestamp: 2026-09-24T17:01:05.140733+00:00
openmm_version: 8.6.0.dev-Unknown
cpuinfo: Apple M2
cpuarch: arm
system: Darwin

Test              Precision   Constraints   H mass (amu)   dt (fs)   Ensemble   Platform   ns/day
amber20-cellulose single      HBonds        1.5            4         NVT        Metal      11.5883
hostname: M2
timestamp: 2026-09-24T17:01:39.137632+00:00
openmm_version: 8.6.0.dev-Unknown
cpuinfo: Apple M2
cpuarch: arm
system: Darwin

Test              Precision   Constraints   H mass (amu)   dt (fs)   Ensemble   Platform   ns/day
amber20-cellulose single      HBonds        1.5            4         NVT        Metal      11.7296
/Users/amir/lab/fast/out/screen2
