hostname: M2
timestamp: 2026-09-24T19:33:02.995153+00:00
openmm_version: 8.6.0.dev-Unknown
cpuinfo: Apple M2
cpuarch: arm
system: Darwin

Test              Precision   Constraints   H mass (amu)   dt (fs)   Ensemble   Platform   ns/day
pme               single      HBonds        1.5            4         NVT        Metal      206.927
hostname: M2
timestamp: 2026-09-24T19:33:19.845229+00:00
openmm_version: 8.6.0.dev-Unknown
cpuinfo: Apple M2
cpuarch: arm
system: Darwin

Test              Precision   Constraints   H mass (amu)   dt (fs)   Ensemble   Platform   ns/day
pme               single      HBonds        1.5            4         NVT        Metal      206.687
hostname: M2
timestamp: 2026-09-24T19:33:36.665567+00:00
openmm_version: 8.6.0.dev-Unknown
cpuinfo: Apple M2
cpuarch: arm
system: Darwin

Test              Precision   Constraints   H mass (amu)   dt (fs)   Ensemble   Platform   ns/day
pme               single      HBonds        1.5            4         NVT        Metal      204.614
hostname: M2
timestamp: 2026-09-24T19:33:53.423062+00:00
openmm_version: 8.6.0.dev-Unknown
cpuinfo: Apple M2
cpuarch: arm
system: Darwin

Test              Precision   Constraints   H mass (amu)   dt (fs)   Ensemble   Platform   ns/day
pme               single      HBonds        1.5            4         NVT        Metal      216.345
hostname: M2
timestamp: 2026-09-24T19:34:10.124171+00:00
openmm_version: 8.6.0.dev-Unknown
cpuinfo: Apple M2
cpuarch: arm
system: Darwin

Test              Precision   Constraints   H mass (amu)   dt (fs)   Ensemble   Platform   ns/day
apoa1rf           single      HBonds        1.5            4         NVT        Metal      69.1251
hostname: M2
timestamp: 2026-09-24T19:34:29.464871+00:00
openmm_version: 8.6.0.dev-Unknown
cpuinfo: Apple M2
cpuarch: arm
system: Darwin

Test              Precision   Constraints   H mass (amu)   dt (fs)   Ensemble   Platform   ns/day
apoa1rf           single      HBonds        1.5            4         NVT        Metal      69.1369
hostname: M2
timestamp: 2026-09-24T19:34:48.803510+00:00
openmm_version: 8.6.0.dev-Unknown
cpuinfo: Apple M2
cpuarch: arm
system: Darwin

Test              Precision   Constraints   H mass (amu)   dt (fs)   Ensemble   Platform   ns/day
apoa1rf           single      HBonds        1.5            4         NVT        Metal      67.5733
hostname: M2
timestamp: 2026-09-24T19:35:08.244385+00:00
openmm_version: 8.6.0.dev-Unknown
cpuinfo: Apple M2
cpuarch: arm
system: Darwin

Test              Precision   Constraints   H mass (amu)   dt (fs)   Ensemble   Platform   ns/day
apoa1rf           single      HBonds        1.5            4         NVT        Metal      74.3636
hostname: M2
timestamp: 2026-09-24T19:35:28.339911+00:00
openmm_version: 8.6.0.dev-Unknown
cpuinfo: Apple M2
cpuarch: arm
system: Darwin

Test              Precision   Constraints   H mass (amu)   dt (fs)   Ensemble   Platform   ns/day
apoa1pme          single      HBonds        1.5            4         NVT        Metal      54.0588
hostname: M2
timestamp: 2026-09-24T19:35:47.609548+00:00
openmm_version: 8.6.0.dev-Unknown
cpuinfo: Apple M2
cpuarch: arm
system: Darwin

Test              Precision   Constraints   H mass (amu)   dt (fs)   Ensemble   Platform   ns/day
apoa1pme          single      HBonds        1.5            4         NVT        Metal      53.8883
hostname: M2
timestamp: 2026-09-24T19:36:06.983179+00:00
openmm_version: 8.6.0.dev-Unknown
cpuinfo: Apple M2
cpuarch: arm
system: Darwin

Test              Precision   Constraints   H mass (amu)   dt (fs)   Ensemble   Platform   ns/day
apoa1pme          single      HBonds        1.5            4         NVT        Metal      52.6732
hostname: M2
timestamp: 2026-09-24T19:36:26.536658+00:00
openmm_version: 8.6.0.dev-Unknown
cpuinfo: Apple M2
cpuarch: arm
system: Darwin

Test              Precision   Constraints   H mass (amu)   dt (fs)   Ensemble   Platform   ns/day
apoa1pme          single      HBonds        1.5            4         NVT        Metal      55.1703
hostname: M2
timestamp: 2026-09-24T19:36:46.663435+00:00
openmm_version: 8.6.0.dev-Unknown
cpuinfo: Apple M2
cpuarch: arm
system: Darwin

Test              Precision   Constraints   H mass (amu)   dt (fs)   Ensemble   Platform   ns/day
pme               single      HBonds        1.5            4         NVT        Metal      219.092
hostname: M2
timestamp: 2026-09-24T19:37:03.524005+00:00
openmm_version: 8.6.0.dev-Unknown
cpuinfo: Apple M2
cpuarch: arm
system: Darwin

Test              Precision   Constraints   H mass (amu)   dt (fs)   Ensemble   Platform   ns/day
pme               single      HBonds        1.5            4         NVT        Metal      203.886
hostname: M2
timestamp: 2026-09-24T19:37:20.445842+00:00
openmm_version: 8.6.0.dev-Unknown
cpuinfo: Apple M2
cpuarch: arm
system: Darwin

Test              Precision   Constraints   H mass (amu)   dt (fs)   Ensemble   Platform   ns/day
pme               single      HBonds        1.5            4         NVT        Metal      207.055
hostname: M2
timestamp: 2026-09-24T19:37:37.417968+00:00
openmm_version: 8.6.0.dev-Unknown
cpuinfo: Apple M2
cpuarch: arm
system: Darwin

Test              Precision   Constraints   H mass (amu)   dt (fs)   Ensemble   Platform   ns/day
pme               single      HBonds        1.5            4         NVT        Metal      206.89
hostname: M2
timestamp: 2026-09-24T19:37:54.227035+00:00
openmm_version: 8.6.0.dev-Unknown
cpuinfo: Apple M2
cpuarch: arm
system: Darwin

Test              Precision   Constraints   H mass (amu)   dt (fs)   Ensemble   Platform   ns/day
apoa1rf           single      HBonds        1.5            4         NVT        Metal      74.327
hostname: M2
timestamp: 2026-09-24T19:38:14.325305+00:00
openmm_version: 8.6.0.dev-Unknown
cpuinfo: Apple M2
cpuarch: arm
system: Darwin

Test              Precision   Constraints   H mass (amu)   dt (fs)   Ensemble   Platform   ns/day
apoa1rf           single      HBonds        1.5            4         NVT        Metal      67.9139
hostname: M2
timestamp: 2026-09-24T19:38:33.749934+00:00
openmm_version: 8.6.0.dev-Unknown
cpuinfo: Apple M2
cpuarch: arm
system: Darwin

Test              Precision   Constraints   H mass (amu)   dt (fs)   Ensemble   Platform   ns/day
apoa1rf           single      HBonds        1.5            4         NVT        Metal      69.3154
hostname: M2
timestamp: 2026-09-24T19:38:53.118170+00:00
openmm_version: 8.6.0.dev-Unknown
cpuinfo: Apple M2
cpuarch: arm
system: Darwin

Test              Precision   Constraints   H mass (amu)   dt (fs)   Ensemble   Platform   ns/day
apoa1rf           single      HBonds        1.5            4         NVT        Metal      69.3248
hostname: M2
timestamp: 2026-09-24T19:39:12.399010+00:00
openmm_version: 8.6.0.dev-Unknown
cpuinfo: Apple M2
cpuarch: arm
system: Darwin

Test              Precision   Constraints   H mass (amu)   dt (fs)   Ensemble   Platform   ns/day
apoa1pme          single      HBonds        1.5            4         NVT        Metal      56.4218
hostname: M2
timestamp: 2026-09-24T19:39:32.028110+00:00
openmm_version: 8.6.0.dev-Unknown
cpuinfo: Apple M2
cpuarch: arm
system: Darwin

Test              Precision   Constraints   H mass (amu)   dt (fs)   Ensemble   Platform   ns/day
apoa1pme          single      HBonds        1.5            4         NVT        Metal      53.3125
hostname: M2
timestamp: 2026-09-24T19:39:51.152938+00:00
openmm_version: 8.6.0.dev-Unknown
cpuinfo: Apple M2
cpuarch: arm
system: Darwin

Test              Precision   Constraints   H mass (amu)   dt (fs)   Ensemble   Platform   ns/day
apoa1pme          single      HBonds        1.5            4         NVT        Metal      54.0405
hostname: M2
timestamp: 2026-09-24T19:40:10.304397+00:00
openmm_version: 8.6.0.dev-Unknown
cpuinfo: Apple M2
cpuarch: arm
system: Darwin

Test              Precision   Constraints   H mass (amu)   dt (fs)   Ensemble   Platform   ns/day
apoa1pme          single      HBonds        1.5            4         NVT        Metal      53.9979
/Users/amir/lab/fast/out/m2-screen3/screen3
