scons: Entering directory `/Users/amir/lab/fah-client/cbang'
scons: Reading SConscript files ...
     Compiler: clang (clang)
     Platform: darwin
Compiler Mode: gnu
   Build Mode: debug
         Arch: x86
       Jobs: 6
Checking for C library pthread... (cached) yes
Checking for C header file zlib.h... (cached) yes
Checking for C library z... (cached) yes
Checking for C header file bzlib.h... (cached) yes
Checking for C library bz2... (cached) yes
Checking for C header file lz4frame.h... no
Need header lz4frame.h(cached) error: no result
Checking for C header file expat.h... (cached) yes
Checking for C library expat... (cached) yes
Checking for C header file pthread.h... (cached) yes
Checking for C library pthread... (cached) yes
Checking for C library dl... (cached) yes
Checking for C library sqlite3... (cached) yes
Checking for C header file sqlite3.h... (cached) yes
Checking for C function sqlite3_backup_init()... (cached) yes
Checking for C header file yaml.h... no
Need header yaml.h(cached) error: no result
Checking for C library snappy... no
Need library snappy(cached) error: no result
Checking for C header file mysql/mysql.h... no
Checking for C header file event2/event.h... no
Need header event2/event.h(cached) error: no result
Checking for C function epoll_create1()... no
Checking for C library zstd... no
Checking for C header file openssl/ssl.h... (cached) yes
Checking for C library crypto... (cached) yes
Checking for C library ssl... (cached) yes
Checking for openssl version >= 1.1.0...(cached) yes
Checking for C++ header file v8.h... no
Need C++ header v8.h(cached) error: no result
Checking for C header file pthread.h... (cached) yes
Checking for C library pthread... (cached) yes
Checking for framework CoreServices... (cached) yes
Checking for framework IOKit... (cached) yes
Checking for framework Security... (cached) yes
Checking for framework SystemConfiguration... (cached) yes
Checking for framework CoreFoundation... (cached) yes
Checking for C header file valgrind/valgrind.h... no
Checking for C header file execinfo.h... (cached) yes
Checking for C header file bfd.h... no
Checking for C library iberty... no
Checking for C library sframe... no
Checking for C library zstd... no
Checking for C function bfd_get_error_handler()... no
Checking for C function accept4()... no
Checking for C function arc4random()... (cached) yes
Checking for C function arc4random_buf()... (cached) yes
Checking for C function clock_gettime()... (cached) yes
Checking for C function epoll_create()... no
Checking for C function epoll_create1()... no
Checking for C function eventfd()... no
Checking for C function getaddrinfo()... (cached) yes
Checking for C function getegid()... (cached) yes
Checking for C function geteuid()... (cached) yes
Checking for C function getifaddrs()... (cached) yes
Checking for C function getprotobynumber()... (cached) yes
Checking for C function getservbyname()... (cached) yes
Checking for C function gettimeofday()... (cached) yes
Checking for C function inet_ntop()... (cached) yes
Checking for C function inet_pton()... (cached) yes
Checking for C function issetugid()... (cached) yes
Checking for C function kqueue()... (cached) yes
Checking for C function mach_absolute_time()... (cached) yes
Checking for C function mmap()... (cached) yes
Checking for C function nanosleep()... (cached) yes
Checking for C function pipe()... (cached) yes
Checking for C function pipe2()... (cached) yes
Checking for C function poll()... (cached) yes
Checking for C function select()... (cached) yes
Checking for C function sendfile()... (cached) yes
Checking for C function sigaction()... (cached) yes
Checking for C function strlcpy()... (cached) yes
Checking for C function strtok_r()... (cached) yes
Checking for C function strtoll()... (cached) yes
Checking for C function sysctl()... (cached) yes
Checking for C function timerfd_create()... no
Checking for C function usleep()... (cached) yes
Checking for C function vasprintf()... (cached) yes
Checking for C header file arpa/inet.h... (cached) yes
Checking for C header file fcntl.h... (cached) yes
Checking for C header file ifaddrs.h... (cached) yes
Checking for C header file inttypes.h... (cached) yes
Checking for C header file mach/mach_time.h... (cached) yes
Checking for C header file netdb.h... (cached) yes
Checking for C header file netinet/in6.h... no
Checking for C header file netinet/in.h... (cached) yes
Checking for C header file netinet/tcp.h... (cached) yes
Checking for C header file stdarg.h... (cached) yes
Checking for C header file stddef.h... (cached) yes
Checking for C header file stdint.h... (cached) yes
Checking for C header file stdlib.h... (cached) yes
Checking for C header file sys/eventfd.h... no
Checking for C header file sys/ioctl.h... (cached) yes
Checking for C header file sys/mman.h... (cached) yes
Checking for C header file sys/queue.h... (cached) yes
Checking for C header file sys/select.h... (cached) yes
Checking for C header file sys/sendfile.h... no
Checking for C header file sys/socket.h... (cached) yes
Checking for C header file sys/stat.h... (cached) yes
Checking for C header file sys/sysctl.h... (cached) yes
Checking for C header file sys/time.h... (cached) yes
Checking for C header file sys/timerfd.h... no
Checking for C header file sys/types.h... (cached) yes
Checking for C header file sys/uio.h... (cached) yes
Checking for C header file unistd.h... (cached) yes
Checking for C header file sys/timerfd.h...no
Checking size of short ... (cached) 2
Checking size of int ... (cached) 4
Checking size of long ... (cached) 8
Checking size of long long ... (cached) 8
Checking size of void * ... (cached) 8
Checking size of size_t ... (cached) 8
Checking size of off_t ... (cached) 8
Checking size of pthread_t ... (cached) 8
Checking for decl CTL_KERN... no
Checking for decl KERN_ARND... no
Checking for decl KERN_RANDOM... no
Checking for decl RANDOM_UUID... no
Checking for decl F_SETFD... (cached) yes
Checking for decl TAILQ_FOREACH... (cached) yes
Checking for decl timeradd... (cached) yes
Checking for decl timerclear... (cached) yes
Checking for decl timerisset... (cached) yes
Checking for struct addrinfo... (cached) yes
Checking for struct in6_addr... (cached) yes
Checking for struct sockaddr_in6... (cached) yes
Checking for struct sockaddr_storage... (cached) yes
Checking for sin6_len in struct sockaddr_in6... (cached) yes
Checking for ss_family in struct sockaddr_storage... (cached) yes
Checking for __ss_family in struct sockaddr_storage... no
Checking for type uint32_t... (cached) yes
Checking for type uint64_t... (cached) yes
Checking for type uint8_t... (cached) yes
Checking for type uintptr_t... (cached) yes
Checking for type sa_family_t... (cached) yes
Checking for type fd_mask... no
Checking for 3 arg gethostbyname_r()... no
Checking for 5 arg gethostbyname_r()... no
Checking for 6 arg gethostbyname_r()... no
Checking for C library ssl... (cached) yes
Checking for C library crypto... (cached) yes
Checking for C header file openssl/ssl.h... (cached) yes
Checking for C library pthread... (cached) yes
Checking for C header file pthread.h... (cached) yes
Checking for C library kern... no
scons: done reading SConscript files.
scons: Building targets ...
scons: `lib/liblz4.a' is up to date.
scons: `lib/libcbang-boost.a' is up to date.
build_function(["include/event2/event-config.h"], [])
scons: `lib/libre2.a' is up to date.
scons: `lib/libyaml.a' is up to date.
clang++ -o build/cbang/hw/CUDALibrary.o -c -faligned-new -std=c++17 -fsigned-char -g3 -Wall -fno-inline -fno-omit-frame-pointer -Og -fPIC -DDEBUG -D_REENTRANT -D__APPLE__ -DCBANG_DEBUG_LEVEL=1 -DUSING_CBANG -I/opt/homebrew/opt/openssl@3/include -Iinclude -Isrc -Isrc/boost src/cbang/hw/CUDALibrary.cpp
scons: `lib/libevent.a' is up to date.
clang++ -o build/cbang/hw/GPU.o -c -faligned-new -std=c++17 -fsigned-char -g3 -Wall -fno-inline -fno-omit-frame-pointer -Og -fPIC -DDEBUG -D_REENTRANT -D__APPLE__ -DCBANG_DEBUG_LEVEL=1 -DUSING_CBANG -I/opt/homebrew/opt/openssl@3/include -Iinclude -Isrc -Isrc/boost src/cbang/hw/GPU.cpp
clang++ -o build/cbang/hw/GPUIndex.o -c -faligned-new -std=c++17 -fsigned-char -g3 -Wall -fno-inline -fno-omit-frame-pointer -Og -fPIC -DDEBUG -D_REENTRANT -D__APPLE__ -DCBANG_DEBUG_LEVEL=1 -DUSING_CBANG -I/opt/homebrew/opt/openssl@3/include -Iinclude -Isrc -Isrc/boost src/cbang/hw/GPUIndex.cpp
clang++ -o build/cbang/hw/GPUResource.o -c -faligned-new -std=c++17 -fsigned-char -g3 -Wall -fno-inline -fno-omit-frame-pointer -Og -fPIC -DDEBUG -D_REENTRANT -D__APPLE__ -DCBANG_DEBUG_LEVEL=1 -DUSING_CBANG -I/opt/homebrew/opt/openssl@3/include -Iinclude -Isrc -Isrc/boost src/cbang/hw/GPUResource.cpp
clang++ -o build/cbang/hw/GPUType.o -c -faligned-new -std=c++17 -fsigned-char -g3 -Wall -fno-inline -fno-omit-frame-pointer -Og -fPIC -DDEBUG -D_REENTRANT -D__APPLE__ -DCBANG_DEBUG_LEVEL=1 -DUSING_CBANG -I/opt/homebrew/opt/openssl@3/include -Iinclude -Isrc -Isrc/boost src/cbang/hw/GPUType.cpp
clang++ -o build/cbang/hw/GPUVendor.o -c -faligned-new -std=c++17 -fsigned-char -g3 -Wall -fno-inline -fno-omit-frame-pointer -Og -fPIC -DDEBUG -D_REENTRANT -D__APPLE__ -DCBANG_DEBUG_LEVEL=1 -DUSING_CBANG -I/opt/homebrew/opt/openssl@3/include -Iinclude -Isrc -Isrc/boost src/cbang/hw/GPUVendor.cpp
clang++ -o build/cbang/hw/HIPLibrary.o -c -faligned-new -std=c++17 -fsigned-char -g3 -Wall -fno-inline -fno-omit-frame-pointer -Og -fPIC -DDEBUG -D_REENTRANT -D__APPLE__ -DCBANG_DEBUG_LEVEL=1 -DUSING_CBANG -I/opt/homebrew/opt/openssl@3/include -Iinclude -Isrc -Isrc/boost src/cbang/hw/HIPLibrary.cpp
clang++ -o build/cbang/hw/OpenCLLibrary.o -c -faligned-new -std=c++17 -fsigned-char -g3 -Wall -fno-inline -fno-omit-frame-pointer -Og -fPIC -DDEBUG -D_REENTRANT -D__APPLE__ -DCBANG_DEBUG_LEVEL=1 -DUSING_CBANG -I/opt/homebrew/opt/openssl@3/include -Iinclude -Isrc -Isrc/boost src/cbang/hw/OpenCLLibrary.cpp
clang++ -o build/cbang/os/osx/MacOSGPU.o -c -faligned-new -std=c++17 -fsigned-char -g3 -Wall -fno-inline -fno-omit-frame-pointer -Og -fPIC -DDEBUG -D_REENTRANT -D__APPLE__ -DCBANG_DEBUG_LEVEL=1 -DUSING_CBANG -I/opt/homebrew/opt/openssl@3/include -Iinclude -Isrc -Isrc/boost src/cbang/os/osx/MacOSGPU.cpp
build_function(["build/build_info.cpp"], [])
clang++ -o build/build_info.o -c -faligned-new -std=c++17 -fsigned-char -g3 -Wall -fno-inline -fno-omit-frame-pointer -Og -fPIC -DDEBUG -D_REENTRANT -D__APPLE__ -DCBANG_DEBUG_LEVEL=1 -DUSING_CBANG -I/opt/homebrew/opt/openssl@3/include -Iinclude -Isrc -Isrc/boost build/build_info.cpp
src/cbang/os/osx/MacOSGPU.cpp:49:9: warning: 'kIOMasterPortDefault' is deprecated: first deprecated in macOS 12.0 [-Wdeprecated-declarations]
   49 |         kIOMasterPortDefault, IOServiceMatching("IOAccelerator"), &iter) !=
      |         ^~~~~~~~~~~~~~~~~~~~
      |         kIOMainPortDefault
/Library/Developer/CommandLineTools/SDKs/MacOSX.sdk/System/Library/Frameworks/IOKit.framework/Headers/IOKitLib.h:133:19: note: 'kIOMasterPortDefault' has been explicitly marked deprecated here
  133 | const mach_port_t kIOMasterPortDefault
      |                   ^
1 warning generated.
rm -f lib/libcbang.a; ar rc lib/libcbang.a build/cbang/Application.o build/cbang/Exception.o build/cbang/FileLocation.o build/cbang/Info.o build/cbang/LocationRange.o build/cbang/RefCounter.o build/cbang/SmartPointer.o build/cbang/String.o build/cbang/oauth2/FacebookProvider.o build/cbang/oauth2/GitHubProvider.o build/cbang/oauth2/GoogleProvider.o build/cbang/oauth2/Login.o build/cbang/oauth2/LoginHandler.o build/cbang/oauth2/Provider.o build/cbang/oauth2/Providers.o build/cbang/comp/Compression.o build/cbang/comp/Press.o build/cbang/comp/Tar.o build/cbang/comp/TarFileReader.o build/cbang/comp/TarFileWriter.o build/cbang/comp/TarHeader.o build/cbang/config/CommandLine.o build/cbang/config/Option.o build/cbang/config/OptionCategory.o build/cbang/config/OptionProxy.o build/cbang/config/OptionType.o build/cbang/config/Options.o build/cbang/config/RegexConstraint.o build/cbang/db/Backup.o build/cbang/db/Blob.o build/cbang/db/Column.o build/cbang/db/Database.o build/cbang/db/LevelDB.o build/cbang/db/NameValueTable.o build/cbang/db/Parameter.o build/cbang/db/Schema.o build/cbang/db/Statement.o build/cbang/db/TableDef.o build/cbang/db/Transaction.o build/cbang/debug/BFDResolver.o build/cbang/debug/BacktraceDebugger.o build/cbang/debug/Debugger.o build/cbang/debug/Demangle.o build/cbang/debug/StackFrame.o build/cbang/debug/StackTrace.o build/cbang/dns/Base.o build/cbang/dns/Error.o build/cbang/dns/Nameserver.o build/cbang/dns/Request.o build/cbang/dns/RequestResolve.o build/cbang/dns/RequestReverse.o build/cbang/dns/Type.o build/cbang/event/AsyncSubprocess.o build/cbang/event/Base.o build/cbang/event/Buffer.o build/cbang/event/ConcurrentPool.o build/cbang/event/Connection.o build/cbang/event/ConnectionError.o build/cbang/event/Event.o build/cbang/event/EventFactory.o build/cbang/event/EventFlag.o build/cbang/event/FD.o build/cbang/event/FDPool.o build/cbang/event/FDPoolEPoll.o build/cbang/event/FDPoolEPollCommand.o build/cbang/event/FDPoolEvent.o build/cbang/event/PipeEventBuffer.o build/cbang/event/Port.o build/cbang/event/RateTracker.o build/cbang/event/Server.o build/cbang/event/StreamEventBuffer.o build/cbang/event/StreamEventHandler.o build/cbang/event/StreamLogger.o build/cbang/event/SubprocessPool.o build/cbang/event/TransferRead.o build/cbang/event/TransferWrite.o build/cbang/http/ACLHandler.o build/cbang/http/AccessHandler.o build/cbang/http/Client.o build/cbang/http/Conn.o build/cbang/http/ConnIn.o build/cbang/http/ConnOut.o build/cbang/http/ContentTypes.o build/cbang/http/Cookie.o build/cbang/http/FileHandler.o build/cbang/http/HandlerGroup.o build/cbang/http/Headers.o build/cbang/http/IndexHandler.o build/cbang/http/Method.o build/cbang/http/MethodMatcher.o build/cbang/http/MultipartParser.o build/cbang/http/OutgoingRequest.o build/cbang/http/PendingRequest.o build/cbang/http/ProxyRequest.o build/cbang/http/RE2PatternMatcher.o build/cbang/http/RedirectSecure.o build/cbang/http/Request.o build/cbang/http/RequestErrorHandler.o build/cbang/http/RequestHandlerFactory.o build/cbang/http/ResourceHandler.o build/cbang/http/Server.o build/cbang/http/Session.o build/cbang/http/SessionHandler.o build/cbang/http/SessionManager.o build/cbang/http/Status.o build/cbang/http/URLPatternMatcher.o build/cbang/hw/CPUExtendedFeature.o build/cbang/hw/CPUFeature.o build/cbang/hw/CPUFeature80000001.o build/cbang/hw/CPUInfo.o build/cbang/hw/CPUInfoAArch64.o build/cbang/hw/CPUInfoX86.o build/cbang/hw/CPURegsAArch64.o build/cbang/hw/CPURegsX86.o build/cbang/hw/CUDALibrary.o build/cbang/hw/ComputeDevice.o build/cbang/hw/GPU.o build/cbang/hw/GPUIndex.o build/cbang/hw/GPUResource.o build/cbang/hw/GPUType.o build/cbang/hw/GPUVendor.o build/cbang/hw/HIPLibrary.o build/cbang/hw/OpenCLLibrary.o build/cbang/hw/PCIDevice.o build/cbang/hw/PCIInfo.o build/cbang/hw/PCIVendor.o build/cbang/io/InputSource.o build/cbang/io/StreamBuf.o build/cbang/js/BakedCallback.o build/cbang/js/Callback.o build/cbang/js/ConsoleModule.o build/cbang/js/Function.o build/cbang/js/Javascript.o build/cbang/js/PathResolver.o build/cbang/js/Signature.o build/cbang/js/Sink.o build/cbang/js/StdModule.o build/cbang/js/Value.o build/cbang/json/Builder.o build/cbang/json/Dict.o build/cbang/json/DictIterator.o build/cbang/json/Factory.o build/cbang/json/False.o build/cbang/json/Iterator.o build/cbang/json/List.o build/cbang/json/ListIterator.o build/cbang/json/Null.o build/cbang/json/NullSink.o build/cbang/json/Observable.o build/cbang/json/Path.o build/cbang/json/ProxySink.o build/cbang/json/Reader.o build/cbang/json/Serializable.o build/cbang/json/Sink.o build/cbang/json/String.o build/cbang/json/TeeSink.o build/cbang/json/True.o build/cbang/json/Undefined.o build/cbang/json/Value.o build/cbang/json/ValueType.o build/cbang/json/Writer.o build/cbang/json/YAMLMergeSink.o build/cbang/json/YAMLReader.o build/cbang/log/LogLineBuffer.o build/cbang/log/LogLineListener.o build/cbang/log/LogStream.o build/cbang/log/Logger.o build/cbang/log/TailFileToLog.o build/cbang/net/AddressFilter.o build/cbang/net/AddressRange.o build/cbang/net/AddressRangeSet.o build/cbang/net/Base64.o build/cbang/net/SockAddr.o build/cbang/net/Socket.o build/cbang/net/SocketSet.o build/cbang/net/URI.o build/cbang/os/Directory.o build/cbang/os/DirectoryWalker.o build/cbang/os/DynamicLibrary.o build/cbang/os/ExitSignalHandler.o build/cbang/os/Glob.o build/cbang/os/Pipe.o build/cbang/os/PowerManagement.o build/cbang/os/ProcessLock.o build/cbang/os/ProcessPriority.o build/cbang/os/SignalManager.o build/cbang/os/Subprocess.o build/cbang/os/SysError.o build/cbang/os/SystemInfo.o build/cbang/os/SystemUtilities.o build/cbang/os/TemporaryDirectory.o build/cbang/parse/Parser.o build/cbang/parse/Scanner.o build/cbang/thread/Condition.o build/cbang/thread/Mutex.o build/cbang/thread/RWLock.o build/cbang/thread/Semaphore.o build/cbang/thread/Thread.o build/cbang/thread/ThreadPool.o build/cbang/time/HumanDuration.o build/cbang/time/Time.o build/cbang/time/TimeInterval.o build/cbang/time/Timer.o build/cbang/util/ACLSet.o build/cbang/util/BIP39Words.o build/cbang/util/HumanNumber.o build/cbang/util/HumanSize.o build/cbang/util/LineBuffer.o build/cbang/util/Progress.o build/cbang/util/Random.o build/cbang/util/Rate.o build/cbang/util/RateSet.o build/cbang/util/Regex.o build/cbang/util/Resource.o build/cbang/util/ResourceManager.o build/cbang/util/Singleton.o build/cbang/util/UUID.o build/cbang/util/Variant.o build/cbang/ws/JSONWebsocket.o build/cbang/ws/OpCode.o build/cbang/ws/Status.o build/cbang/ws/Websocket.o build/cbang/xml/Adapter.o build/cbang/xml/Attributes.o build/cbang/xml/ExpatAdapter.o build/cbang/xml/FileTracker.o build/cbang/xml/HandlerContext.o build/cbang/xml/Processor.o build/cbang/xml/Reader.o build/cbang/xml/SkipHandler.o build/cbang/xml/Writer.o build/cbang/xml/XIncludeHandler.o build/cbang/json/schema/AllOf.o build/cbang/json/schema/AnyOf.o build/cbang/json/schema/Array.o build/cbang/json/schema/Collection.o build/cbang/json/schema/Const.o build/cbang/json/schema/DependentRequired.o build/cbang/json/schema/DependentSchemas.o build/cbang/json/schema/Enum.o build/cbang/json/schema/IfThenElse.o build/cbang/json/schema/Not.o build/cbang/json/schema/Number.o build/cbang/json/schema/Object.o build/cbang/json/schema/OneOf.o build/cbang/json/schema/Pattern.o build/cbang/json/schema/RootSchema.o build/cbang/json/schema/Schema.o build/cbang/json/schema/String.o build/cbang/json/schema/URIPattern.o build/cbang/openssl/BIStream.o build/cbang/openssl/BOStream.o build/cbang/openssl/BStream.o build/cbang/openssl/BigNum.o build/cbang/openssl/CRL.o build/cbang/openssl/CSR.o build/cbang/openssl/Certificate.o build/cbang/openssl/CertificateChain.o build/cbang/openssl/CertificateContext.o build/cbang/openssl/CertificateStore.o build/cbang/openssl/CertificateStoreContext.o build/cbang/openssl/Cipher.o build/cbang/openssl/Digest.o build/cbang/openssl/Extension.o build/cbang/openssl/KeyContext.o build/cbang/openssl/KeyGenPacifier.o build/cbang/openssl/KeyPair.o build/cbang/openssl/Revoked.o build/cbang/openssl/SSL.o build/cbang/openssl/SSLContext.o build/cbang/openssl/SecurityUtilities.o build/cbang/acmev2/Account.o build/cbang/acmev2/KeyCert.o build/cbang/os/osx/MacOSGPU.o build/cbang/os/osx/MacOSPowerManagement.o build/cbang/os/osx/MacOSString.o build/cbang/os/osx/MacOSSystemInfo.o build/resources.v2.o build/resources.v2.data/data2.o build/resources.v2.data/data3.o build/resources.v2.data/data4.o build/resources.v2.data/data5.o build/resources.v2.data/data6.o build/resources.v2.data/data7.o build/resources.v2.data/data8.o build/resources.v2.data/data9.o build/resources.v2.data/data10.o build/resources.v2.data/data11.o build/build_info.o
ranlib lib/libcbang.a
scons: done building targets.
scons: Entering directory `/Users/amir/lab/fah-client/fah-client-bastet'
scons: Reading SConscript files ...
     Compiler: clang (clang)
     Platform: darwin
Compiler Mode: gnu
   Build Mode: debug
         Arch: None
       Jobs: 6
Checking for C library pthread... (cached) yes
Checking for C header file zlib.h... (cached) yes
Checking for C library z... (cached) yes
Checking for C header file bzlib.h... (cached) yes
Checking for C library bz2... (cached) yes
Checking for C header file lz4frame.h... (cached) yes
Checking for C library lz4... (cached) yes
Checking for C library xxhash... no
Checking for C header file expat.h... (cached) yes
Checking for C library expat... (cached) yes
Checking for C header file pthread.h... (cached) yes
Checking for C library pthread... (cached) yes
Checking for C library dl... (cached) yes
Checking for C library sqlite3... (cached) yes
Checking for C header file sqlite3.h... (cached) yes
Checking for C function sqlite3_backup_init()... (cached) yes
Checking for C header file yaml.h... (cached) yes
Checking for C library yaml... (cached) yes
Checking for C library snappy... no
Need library snappy(cached) error: no result
Checking for C header file mysql/mysql.h... no
Checking for C header file event2/event.h... (cached) yes
Checking for C library event... (cached) yes
Checking for C++ header file re2/re2.h... (cached) yes
Checking for C library re2... (cached) yes
Checking for C function epoll_create1()... no
Checking for C library zstd... no
Checking for C header file openssl/ssl.h... (cached) yes
Checking for C library crypto... (cached) yes
Checking for C library ssl... (cached) yes
Checking for openssl version >= 1.1.0...(cached) yes
Checking for C++ header file v8.h... no
Need C++ header v8.h(cached) error: no result
Checking for C header file pthread.h... (cached) yes
Checking for C library pthread... (cached) yes
Checking for framework CoreServices... (cached) yes
Checking for framework IOKit... (cached) yes
Checking for framework Security... (cached) yes
Checking for framework SystemConfiguration... (cached) yes
Checking for framework CoreFoundation... (cached) yes
Checking for C header file valgrind/valgrind.h... no
Checking for C header file execinfo.h... (cached) yes
Checking for C header file bfd.h... no
Checking for C library iberty... no
Checking for C library sframe... no
Checking for C library zstd... no
Checking for C function bfd_get_error_handler()... no
Checking for C library cbang-boost... (cached) yes
Checking for C library cbang... yes
Checking for C++ header file cbang/Exception.h... (cached) yes
Checking for framework SystemConfiguration... yes
error: no result
scons: done reading SConscript files.
scons: Building targets ...
clang++ -o build/fah/client/Account.o -c -faligned-new -std=c++17 -fsigned-char -g3 -Wall -fno-inline -fno-omit-frame-pointer -Og -fPIC -DDEBUG -D_REENTRANT -D__APPLE__ -DCBANG_DEBUG_LEVEL=1 -DHAVE_CBANG -DUSING_CBANG -I/Users/amir/lab/fah-client/cbang/src -I/Users/amir/lab/fah-client/cbang/include -I/Users/amir/lab/fah-client/cbang/src/boost -I/opt/homebrew/opt/openssl@3/include -Isrc src/fah/client/Account.cpp
clang++ -o build/fah/client/App.o -c -faligned-new -std=c++17 -fsigned-char -g3 -Wall -fno-inline -fno-omit-frame-pointer -Og -fPIC -DDEBUG -D_REENTRANT -D__APPLE__ -DCBANG_DEBUG_LEVEL=1 -DHAVE_CBANG -DUSING_CBANG -I/Users/amir/lab/fah-client/cbang/src -I/Users/amir/lab/fah-client/cbang/include -I/Users/amir/lab/fah-client/cbang/src/boost -I/opt/homebrew/opt/openssl@3/include -Isrc src/fah/client/App.cpp
clang++ -o build/fah/client/Config.o -c -faligned-new -std=c++17 -fsigned-char -g3 -Wall -fno-inline -fno-omit-frame-pointer -Og -fPIC -DDEBUG -D_REENTRANT -D__APPLE__ -DCBANG_DEBUG_LEVEL=1 -DHAVE_CBANG -DUSING_CBANG -I/Users/amir/lab/fah-client/cbang/src -I/Users/amir/lab/fah-client/cbang/include -I/Users/amir/lab/fah-client/cbang/src/boost -I/opt/homebrew/opt/openssl@3/include -Isrc src/fah/client/Config.cpp
clang++ -o build/fah/client/GPUResource.o -c -faligned-new -std=c++17 -fsigned-char -g3 -Wall -fno-inline -fno-omit-frame-pointer -Og -fPIC -DDEBUG -D_REENTRANT -D__APPLE__ -DCBANG_DEBUG_LEVEL=1 -DHAVE_CBANG -DUSING_CBANG -I/Users/amir/lab/fah-client/cbang/src -I/Users/amir/lab/fah-client/cbang/include -I/Users/amir/lab/fah-client/cbang/src/boost -I/opt/homebrew/opt/openssl@3/include -Isrc src/fah/client/GPUResource.cpp
clang++ -o build/fah/client/GPUResources.o -c -faligned-new -std=c++17 -fsigned-char -g3 -Wall -fno-inline -fno-omit-frame-pointer -Og -fPIC -DDEBUG -D_REENTRANT -D__APPLE__ -DCBANG_DEBUG_LEVEL=1 -DHAVE_CBANG -DUSING_CBANG -I/Users/amir/lab/fah-client/cbang/src -I/Users/amir/lab/fah-client/cbang/include -I/Users/amir/lab/fah-client/cbang/src/boost -I/opt/homebrew/opt/openssl@3/include -Isrc src/fah/client/GPUResources.cpp
clang++ -o build/fah/client/Group.o -c -faligned-new -std=c++17 -fsigned-char -g3 -Wall -fno-inline -fno-omit-frame-pointer -Og -fPIC -DDEBUG -D_REENTRANT -D__APPLE__ -DCBANG_DEBUG_LEVEL=1 -DHAVE_CBANG -DUSING_CBANG -I/Users/amir/lab/fah-client/cbang/src -I/Users/amir/lab/fah-client/cbang/include -I/Users/amir/lab/fah-client/cbang/src/boost -I/opt/homebrew/opt/openssl@3/include -Isrc src/fah/client/Group.cpp
clang++ -o build/fah/client/Groups.o -c -faligned-new -std=c++17 -fsigned-char -g3 -Wall -fno-inline -fno-omit-frame-pointer -Og -fPIC -DDEBUG -D_REENTRANT -D__APPLE__ -DCBANG_DEBUG_LEVEL=1 -DHAVE_CBANG -DUSING_CBANG -I/Users/amir/lab/fah-client/cbang/src -I/Users/amir/lab/fah-client/cbang/include -I/Users/amir/lab/fah-client/cbang/src/boost -I/opt/homebrew/opt/openssl@3/include -Isrc src/fah/client/Groups.cpp
clang++ -o build/fah/client/OS.o -c -faligned-new -std=c++17 -fsigned-char -g3 -Wall -fno-inline -fno-omit-frame-pointer -Og -fPIC -DDEBUG -D_REENTRANT -D__APPLE__ -DCBANG_DEBUG_LEVEL=1 -DHAVE_CBANG -DUSING_CBANG -I/Users/amir/lab/fah-client/cbang/src -I/Users/amir/lab/fah-client/cbang/include -I/Users/amir/lab/fah-client/cbang/src/boost -I/opt/homebrew/opt/openssl@3/include -Isrc src/fah/client/OS.cpp
clang++ -o build/fah/client/Remote.o -c -faligned-new -std=c++17 -fsigned-char -g3 -Wall -fno-inline -fno-omit-frame-pointer -Og -fPIC -DDEBUG -D_REENTRANT -D__APPLE__ -DCBANG_DEBUG_LEVEL=1 -DHAVE_CBANG -DUSING_CBANG -I/Users/amir/lab/fah-client/cbang/src -I/Users/amir/lab/fah-client/cbang/include -I/Users/amir/lab/fah-client/cbang/src/boost -I/opt/homebrew/opt/openssl@3/include -Isrc src/fah/client/Remote.cpp
clang++ -o build/fah/client/Unit.o -c -faligned-new -std=c++17 -fsigned-char -g3 -Wall -fno-inline -fno-omit-frame-pointer -Og -fPIC -DDEBUG -D_REENTRANT -D__APPLE__ -DCBANG_DEBUG_LEVEL=1 -DHAVE_CBANG -DUSING_CBANG -I/Users/amir/lab/fah-client/cbang/src -I/Users/amir/lab/fah-client/cbang/include -I/Users/amir/lab/fah-client/cbang/src/boost -I/opt/homebrew/opt/openssl@3/include -Isrc src/fah/client/Unit.cpp
clang++ -o build/fah/client/Units.o -c -faligned-new -std=c++17 -fsigned-char -g3 -Wall -fno-inline -fno-omit-frame-pointer -Og -fPIC -DDEBUG -D_REENTRANT -D__APPLE__ -DCBANG_DEBUG_LEVEL=1 -DHAVE_CBANG -DUSING_CBANG -I/Users/amir/lab/fah-client/cbang/src -I/Users/amir/lab/fah-client/cbang/include -I/Users/amir/lab/fah-client/cbang/src/boost -I/opt/homebrew/opt/openssl@3/include -Isrc src/fah/client/Units.cpp
build_function(["build/build_info.cpp"], [])
clang++ -o build/build_info.o -c -faligned-new -std=c++17 -fsigned-char -g3 -Wall -fno-inline -fno-omit-frame-pointer -Og -fPIC -DDEBUG -D_REENTRANT -D__APPLE__ -DCBANG_DEBUG_LEVEL=1 -DHAVE_CBANG -DUSING_CBANG -I/Users/amir/lab/fah-client/cbang/src -I/Users/amir/lab/fah-client/cbang/include -I/Users/amir/lab/fah-client/cbang/src/boost -I/opt/homebrew/opt/openssl@3/include -Isrc build/build_info.cpp
rm -f build/libfahclient.a; ar rc build/libfahclient.a build/fah/client/Account.o build/fah/client/App.o build/fah/client/Config.o build/fah/client/Core.o build/fah/client/CoreProcess.o build/fah/client/CoreState.o build/fah/client/Cores.o build/fah/client/ExitCode.o build/fah/client/GPUResource.o build/fah/client/GPUResources.o build/fah/client/Group.o build/fah/client/Groups.o build/fah/client/LogTracker.o build/fah/client/NodeRemote.o build/fah/client/OS.o build/fah/client/PasskeyConstraint.o build/fah/client/Remote.o build/fah/client/RunResult.o build/fah/client/Server.o build/fah/client/Unit.o build/fah/client/UnitState.o build/fah/client/Units.o build/fah/client/WebsocketRemote.o build/fah/client/osx/OSXOSImpl.o build/build_info.o
ranlib build/libfahclient.a
clang++ -o fah-client -pthread build/client.o build/libfahclient.a build/libfahclient-resources.a -L/opt/homebrew/opt/openssl@3 -L/opt/homebrew/opt/openssl@3/lib -L/Users/amir/lab/fah-client/cbang/lib -lcbang -lcbang-boost -lpthread -lssl -lcrypto -lre2 -levent -lyaml -lsqlite3 -ldl -lpthread -lexpat -llz4 -lbz2 -lz -lpthread -framework CoreFoundation -framework SystemConfiguration -framework Security -framework IOKit -framework CoreServices
ld: warning: ignoring duplicate libraries: '-lpthread'
scons: done building targets.
EXIT 0
